1. Parsing VivritiÆs Climate Report 2024-25.pdf...
Total Pages: 20
Pages Targeted for Deep Scan: 15
Tables Extracted: 14
Extracted Text Length: 55088 characters

2. Simulating AI Financial Extraction...
Text length to send to Groq: 25000 characters

Pipeline Test Complete.
--------------------------------------------------
Sample from the beginning of the text to send:
--- Page 1 ---
VIVRITI GROUP
CLIMATE REPORT
2024-25

--- Page 2 ---
VIVRITIÆS CLIMATE
02
COMMITMENT
02 PROLOGUE
VIVRITIÆS TCFD
03
ALIGNMENT
TABLE OF
04 CLIMATE GOVERNANCE
CONTENTS
05 CLIMATE STRATEGY
CLIMATE RISK
06
MANAGEMENT
CLIMATE METRICS
13
AND TARGETS
14 ANNEXURE
VIVRITIÆS CLIMATE REPORT 2024-25
VIVRITIÆS CLIMATE PROLOGUE VIVRITIÆS TCFD CLIMATE CLIMATE CLIMATE RISK CLIMATE METRICS ANNEXURE 01
COMMITMENT ALIGNMENT GOVERNANCE STRATEGY MANAGEMENT AND TARGETS

--- Page 3 ---
VIVRITIÆS CLIMATE 
